Component: ARM Compiler 5.06 update 6 (build 750) Tool: armlink [4d35ed]

==============================================================================

Section Cross References

    main.o(i.init) refers to joystick.o(i.Joystick_Init) for Joystick_Init
    main.o(i.init) refers to ultrasonic.o(i.Ultrasonic_Trigger_Timer_Init) for Ultrasonic_Trigger_Timer_Init
    main.o(i.init) refers to ultrasonic.o(i.Ultrasonic_Capture_Timer_Init) for Ultrasonic_Capture_Timer_Init
    main.o(i.init) refers to adc.o(i.ADC_Init) for ADC_Init
    main.o(i.init) refers to external.o(i.External_Init) for External_Init
    main.o(i.init) refers to pwm.o(i.PWM_Init) for PWM_Init
    main.o(i.init) refers to pwm.o(i.PWM_Write) for PWM_Write
    main.o(i.init) refers to timer.o(i.Timer_Init) for Timer_Init
    main.o(i.leftBackward) refers to pwm.o(i.PWM_Write) for PWM_Write
    main.o(i.leftBackward) refers to parameters.o(.data) for ROBOT_SPEED
    main.o(i.leftForward) refers to pwm.o(i.PWM_Write) for PWM_Write
    main.o(i.leftForward) refers to parameters.o(.data) for ROBOT_SPEED
    main.o(i.leftForwardSlow) refers to pwm.o(i.PWM_Write) for PWM_Write
    main.o(i.leftForwardSlow) refers to parameters.o(.data) for ROBOT_SPEED
    main.o(i.main) refers to main.o(i.init) for init
    main.o(i.main) refers to main.o(i.update) for update
    main.o(i.rightBackward) refers to pwm.o(i.PWM_Write_Right) for PWM_Write_Right
    main.o(i.rightBackward) refers to parameters.o(.data) for ROBOT_SPEED
    main.o(i.rightForward) refers to pwm.o(i.PWM_Write_Right) for PWM_Write_Right
    main.o(i.rightForward) refers to parameters.o(.data) for ROBOT_SPEED
    main.o(i.rightForwardSlow) refers to pwm.o(i.PWM_Write_Right) for PWM_Write_Right
    main.o(i.rightForwardSlow) refers to parameters.o(.data) for ROBOT_SPEED
    main.o(i.stop) refers to timer.o(.data) for rightPressed
    main.o(i.update) refers to main.o(i.stop) for stop
    main.o(i.update) refers to adc.o(i.ADC_ReadTrim) for ADC_ReadTrim
    main.o(i.update) refers to joystick.o(i.Joystick_Left_Pressed) for Joystick_Left_Pressed
    main.o(i.update) refers to main.o(i.leftBackward) for leftBackward
    main.o(i.update) refers to main.o(i.rightForward) for rightForward
    main.o(i.update) refers to joystick.o(i.Joystick_Up_Pressed) for Joystick_Up_Pressed
    main.o(i.update) refers to main.o(i.leftForward) for leftForward
    main.o(i.update) refers to joystick.o(i.Joystick_Down_Pressed) for Joystick_Down_Pressed
    main.o(i.update) refers to main.o(i.rightBackward) for rightBackward
    main.o(i.update) refers to joystick.o(i.Joystick_Center_Pressed) for Joystick_Center_Pressed
    main.o(i.update) refers to joystick.o(i.Joystick_Right_Pressed) for Joystick_Right_Pressed
    main.o(i.update) refers to adc.o(i.ADC_Read) for ADC_Read
    main.o(i.update) refers to main.o(i.leftForwardSlow) for leftForwardSlow
    main.o(i.update) refers to adc.o(i.ADC_Read3) for ADC_Read3
    main.o(i.update) refers to main.o(i.rightForwardSlow) for rightForwardSlow
    main.o(i.update) refers to ultrasonic.o(i.Ultrasonic_Start_Trigger) for Ultrasonic_Start_Trigger
    main.o(i.update) refers to wait.o(i.wait) for wait
    main.o(i.update) refers to parameters.o(.data) for CONTROL_START_MODE
    main.o(i.update) refers to timer.o(.data) for currentTime
    main.o(i.update) refers to main.o(.data) for dumb
    main.o(i.update) refers to ultrasonic.o(.data) for ultrasonicSensorFallingTime
    joystick.o(i.Joystick_Center_Pressed) refers to gpio.o(i.GPIO_PIN_Read) for GPIO_PIN_Read
    joystick.o(i.Joystick_Down_Pressed) refers to gpio.o(i.GPIO_PIN_Read) for GPIO_PIN_Read
    joystick.o(i.Joystick_Init) refers to gpio.o(i.GPIO_DIR_Write) for GPIO_DIR_Write
    joystick.o(i.Joystick_Left_Pressed) refers to gpio.o(i.GPIO_PIN_Read) for GPIO_PIN_Read
    joystick.o(i.Joystick_Right_Pressed) refers to gpio.o(i.GPIO_PIN_Read) for GPIO_PIN_Read
    joystick.o(i.Joystick_Up_Pressed) refers to gpio.o(i.GPIO_PIN_Read) for GPIO_PIN_Read
    pwm.o(i.PWM_Init) refers to pwm.o(i.PWM_Write) for PWM_Write
    led.o(i.LED1_Init) refers to gpio.o(i.GPIO_DIR_Write) for GPIO_DIR_Write
    led.o(i.LED1_Off) refers to gpio.o(i.GPIO_PIN_Write) for GPIO_PIN_Write
    led.o(i.LED1_On) refers to gpio.o(i.GPIO_PIN_Write) for GPIO_PIN_Write
    led.o(i.LED2_Init) refers to gpio.o(i.GPIO_DIR_Write) for GPIO_DIR_Write
    led.o(i.LED2_Off) refers to gpio.o(i.GPIO_PIN_Write) for GPIO_PIN_Write
    led.o(i.LED2_On) refers to gpio.o(i.GPIO_PIN_Write) for GPIO_PIN_Write
    led.o(i.LED3_Init) refers to gpio.o(i.GPIO_DIR_Write) for GPIO_DIR_Write
    led.o(i.LED3_Off) refers to gpio.o(i.GPIO_PIN_Write) for GPIO_PIN_Write
    led.o(i.LED3_On) refers to gpio.o(i.GPIO_PIN_Write) for GPIO_PIN_Write
    led.o(i.LED4_Init) refers to gpio.o(i.GPIO_DIR_Write) for GPIO_DIR_Write
    led.o(i.LED4_Off) refers to gpio.o(i.GPIO_PIN_Write) for GPIO_PIN_Write
    led.o(i.LED4_On) refers to gpio.o(i.GPIO_PIN_Write) for GPIO_PIN_Write
    led.o(i.LED_Init) refers to led.o(i.LED1_Init) for LED1_Init
    led.o(i.LED_Init) refers to led.o(i.LED2_Init) for LED2_Init
    led.o(i.LED_Init) refers to led.o(i.LED3_Init) for LED3_Init
    led.o(i.LED_Init) refers to led.o(i.LED4_Init) for LED4_Init
    led.o(i.LED_OFF) refers to led.o(i.LED1_Off) for LED1_Off
    led.o(i.LED_OFF) refers to led.o(i.LED2_Off) for LED2_Off
    led.o(i.LED_OFF) refers to led.o(i.LED3_Off) for LED3_Off
    led.o(i.LED_OFF) refers to led.o(i.LED4_Off) for LED4_Off
    led.o(i.LED_ON) refers to led.o(i.LED1_On) for LED1_On
    led.o(i.LED_ON) refers to led.o(i.LED2_On) for LED2_On
    led.o(i.LED_ON) refers to led.o(i.LED3_On) for LED3_On
    led.o(i.LED_ON) refers to led.o(i.LED4_On) for LED4_On
    ultrasonic.o(i.TIMER3_IRQHandler) refers to ultrasonic.o(i.__NVIC_ClearPendingIRQ) for __NVIC_ClearPendingIRQ
    ultrasonic.o(i.TIMER3_IRQHandler) refers to ultrasonic.o(.data) for ultrasonicSensorEdgeCount
    ultrasonic.o(i.Ultrasonic_Capture_Timer_Init) refers to ultrasonic.o(i.__NVIC_ClearPendingIRQ) for __NVIC_ClearPendingIRQ
    ultrasonic.o(i.Ultrasonic_Start_Trigger) refers to ultrasonic.o(.data) for ultrasonicSensorEdgeCount
    adc.o(i.ADC_Read) refers to adc.o(i.ADC_Start) for ADC_Start
    adc.o(i.ADC_Read) refers to adc.o(i.ADC_Stop) for ADC_Stop
    adc.o(i.ADC_Read3) refers to adc.o(i.ADC_Start) for ADC_Start
    adc.o(i.ADC_Read3) refers to adc.o(i.ADC_Stop) for ADC_Stop
    adc.o(i.ADC_ReadTrim) refers to adc.o(i.ADC_Start) for ADC_Start
    adc.o(i.ADC_ReadTrim) refers to adc.o(i.ADC_Stop) for ADC_Stop
    external.o(i.EINT0_IRQHandler) refers to parameters.o(.data) for CONTROL_START_MODE
    startup_lpc407x_8x_177x_8x.o(RESET) refers to startup_lpc407x_8x_177x_8x.o(STACK) for __initial_sp
    startup_lpc407x_8x_177x_8x.o(RESET) refers to startup_lpc407x_8x_177x_8x.o(.text) for Reset_Handler
    startup_lpc407x_8x_177x_8x.o(RESET) refers to ultrasonic.o(i.TIMER3_IRQHandler) for TIMER3_IRQHandler
    startup_lpc407x_8x_177x_8x.o(RESET) refers to external.o(i.EINT0_IRQHandler) for EINT0_IRQHandler
    startup_lpc407x_8x_177x_8x.o(.text) refers to system_lpc407x_8x_177x_8x.o(i.SystemInit) for SystemInit
    startup_lpc407x_8x_177x_8x.o(.text) refers to entry.o(.ARM.Collect$$$$00000000) for __main
    system_lpc407x_8x_177x_8x.o(i.SystemCoreClockUpdate) refers to system_lpc407x_8x_177x_8x.o(.data) for SystemCoreClock
    system_lpc407x_8x_177x_8x.o(i.SystemInit) refers to system_lpc407x_8x_177x_8x.o(i.fpu_init) for fpu_init
    system_lpc407x_8x_177x_8x.o(i.SystemInit) refers to system_lpc407x_8x_177x_8x.o(i.SystemCoreClockUpdate) for SystemCoreClockUpdate
    entry.o(.ARM.Collect$$$$00000000) refers (Special) to entry10a.o(.ARM.Collect$$$$0000000D) for __rt_final_cpp
    entry.o(.ARM.Collect$$$$00000000) refers (Special) to entry11a.o(.ARM.Collect$$$$0000000F) for __rt_final_exit
    entry.o(.ARM.Collect$$$$00000000) refers (Special) to entry7b.o(.ARM.Collect$$$$00000008) for _main_clock
    entry.o(.ARM.Collect$$$$00000000) refers (Special) to entry8b.o(.ARM.Collect$$$$0000000A) for _main_cpp_init
    entry.o(.ARM.Collect$$$$00000000) refers (Special) to entry9a.o(.ARM.Collect$$$$0000000B) for _main_init
    entry.o(.ARM.Collect$$$$00000000) refers (Special) to entry5.o(.ARM.Collect$$$$00000004) for _main_scatterload
    entry.o(.ARM.Collect$$$$00000000) refers (Special) to entry2.o(.ARM.Collect$$$$00000001) for _main_stk
    entry2.o(.ARM.Collect$$$$00000001) refers to entry2.o(.ARM.Collect$$$$00002712) for __lit__00000000
    entry2.o(.ARM.Collect$$$$00002712) refers to startup_lpc407x_8x_177x_8x.o(STACK) for __initial_sp
    entry2.o(__vectab_stack_and_reset_area) refers to startup_lpc407x_8x_177x_8x.o(STACK) for __initial_sp
    entry2.o(__vectab_stack_and_reset_area) refers to entry.o(.ARM.Collect$$$$00000000) for __main
    entry5.o(.ARM.Collect$$$$00000004) refers to init.o(.text) for __scatterload
    entry9a.o(.ARM.Collect$$$$0000000B) refers to main.o(i.main) for main
    entry9b.o(.ARM.Collect$$$$0000000C) refers to main.o(i.main) for main
    init.o(.text) refers to entry5.o(.ARM.Collect$$$$00000004) for __main_after_scatterload


==============================================================================

Removing Unused input sections from the image.

    Removing main.o(.rev16_text), (4 bytes).
    Removing main.o(.revsh_text), (4 bytes).
    Removing main.o(.rrx_text), (6 bytes).
    Removing gpio.o(.rev16_text), (4 bytes).
    Removing gpio.o(.revsh_text), (4 bytes).
    Removing gpio.o(.rrx_text), (6 bytes).
    Removing gpio.o(i.GPIO_PIN_Write), (18 bytes).
    Removing joystick.o(.rev16_text), (4 bytes).
    Removing joystick.o(.revsh_text), (4 bytes).
    Removing joystick.o(.rrx_text), (6 bytes).
    Removing pwm.o(.rev16_text), (4 bytes).
    Removing pwm.o(.revsh_text), (4 bytes).
    Removing pwm.o(.rrx_text), (6 bytes).
    Removing pwm.o(i.PWM_Cycle_Rate), (32 bytes).
    Removing led.o(.rev16_text), (4 bytes).
    Removing led.o(.revsh_text), (4 bytes).
    Removing led.o(.rrx_text), (6 bytes).
    Removing led.o(i.LED1_Init), (20 bytes).
    Removing led.o(i.LED1_Off), (20 bytes).
    Removing led.o(i.LED1_On), (20 bytes).
    Removing led.o(i.LED2_Init), (20 bytes).
    Removing led.o(i.LED2_Off), (20 bytes).
    Removing led.o(i.LED2_On), (20 bytes).
    Removing led.o(i.LED3_Init), (20 bytes).
    Removing led.o(i.LED3_Off), (20 bytes).
    Removing led.o(i.LED3_On), (20 bytes).
    Removing led.o(i.LED4_Init), (20 bytes).
    Removing led.o(i.LED4_Off), (20 bytes).
    Removing led.o(i.LED4_On), (20 bytes).
    Removing led.o(i.LED_Init), (20 bytes).
    Removing led.o(i.LED_OFF), (20 bytes).
    Removing led.o(i.LED_ON), (20 bytes).
    Removing hidden.o(.rev16_text), (4 bytes).
    Removing hidden.o(.revsh_text), (4 bytes).
    Removing hidden.o(.rrx_text), (6 bytes).
    Removing hidden.o(i.PWM_MR0_Enable), (20 bytes).
    Removing hidden.o(i.PWM_MR0_Reset), (12 bytes).
    Removing hidden.o(i.PWM_MRL_Enable), (20 bytes).
    Removing hidden.o(i.PWM_Timer_Enable), (12 bytes).
    Removing hidden.o(i.PWM_Timer_Reset), (12 bytes).
    Removing timer.o(.rev16_text), (4 bytes).
    Removing timer.o(.revsh_text), (4 bytes).
    Removing timer.o(.rrx_text), (6 bytes).
    Removing parameters.o(.rev16_text), (4 bytes).
    Removing parameters.o(.revsh_text), (4 bytes).
    Removing parameters.o(.rrx_text), (6 bytes).
    Removing ultrasonic.o(.rev16_text), (4 bytes).
    Removing ultrasonic.o(.revsh_text), (4 bytes).
    Removing ultrasonic.o(.rrx_text), (6 bytes).
    Removing wait.o(.rev16_text), (4 bytes).
    Removing wait.o(.revsh_text), (4 bytes).
    Removing wait.o(.rrx_text), (6 bytes).
    Removing wait.o(i.waitMicroseconds), (18 bytes).
    Removing adc.o(.rev16_text), (4 bytes).
    Removing adc.o(.revsh_text), (4 bytes).
    Removing adc.o(.rrx_text), (6 bytes).
    Removing adc.o(.data), (5 bytes).
    Removing external.o(.rev16_text), (4 bytes).
    Removing external.o(.revsh_text), (4 bytes).
    Removing external.o(.rrx_text), (6 bytes).
    Removing startup_lpc407x_8x_177x_8x.o(HEAP), (0 bytes).
    Removing system_lpc407x_8x_177x_8x.o(.rev16_text), (4 bytes).
    Removing system_lpc407x_8x_177x_8x.o(.revsh_text), (4 bytes).
    Removing system_lpc407x_8x_177x_8x.o(.rrx_text), (6 bytes).

64 unused section(s) (total 631 bytes) removed from the image.

==============================================================================

Image Symbol Table

    Local Symbols

    Symbol Name                              Value     Ov Type        Size  Object(Section)

    RESET                                    0x00000000   Section      228  startup_lpc407x_8x_177x_8x.o(RESET)
    ../clib/microlib/init/entry.s            0x00000000   Number         0  entry9b.o ABSOLUTE
    ../clib/microlib/init/entry.s            0x00000000   Number         0  entry7b.o ABSOLUTE
    ../clib/microlib/init/entry.s            0x00000000   Number         0  entry7a.o ABSOLUTE
    ../clib/microlib/init/entry.s            0x00000000   Number         0  entry.o ABSOLUTE
    ../clib/microlib/init/entry.s            0x00000000   Number         0  entry11b.o ABSOLUTE
    ../clib/microlib/init/entry.s            0x00000000   Number         0  entry11a.o ABSOLUTE
    ../clib/microlib/init/entry.s            0x00000000   Number         0  entry10b.o ABSOLUTE
    ../clib/microlib/init/entry.s            0x00000000   Number         0  entry10a.o ABSOLUTE
    ../clib/microlib/init/entry.s            0x00000000   Number         0  entry9a.o ABSOLUTE
    ../clib/microlib/init/entry.s            0x00000000   Number         0  entry2.o ABSOLUTE
    ../clib/microlib/init/entry.s            0x00000000   Number         0  entry8b.o ABSOLUTE
    ../clib/microlib/init/entry.s            0x00000000   Number         0  entry8a.o ABSOLUTE
    ../clib/microlib/init/entry.s            0x00000000   Number         0  entry5.o ABSOLUTE
    Library\ADC.c                            0x00000000   Number         0  adc.o ABSOLUTE
    Library\External.c                       0x00000000   Number         0  external.o ABSOLUTE
    Library\GPIO.c                           0x00000000   Number         0  gpio.o ABSOLUTE
    Library\Hidden.c                         0x00000000   Number         0  hidden.o ABSOLUTE
    Library\Joystick.c                       0x00000000   Number         0  joystick.o ABSOLUTE
    Library\LED.c                            0x00000000   Number         0  led.o ABSOLUTE
    Library\PWM.c                            0x00000000   Number         0  pwm.o ABSOLUTE
    Library\Timer.c                          0x00000000   Number         0  timer.o ABSOLUTE
    Library\Ultrasonic.c                     0x00000000   Number         0  ultrasonic.o ABSOLUTE
    Library\Wait.c                           0x00000000   Number         0  wait.o ABSOLUTE
    Library\\ADC.c                           0x00000000   Number         0  adc.o ABSOLUTE
    Library\\External.c                      0x00000000   Number         0  external.o ABSOLUTE
    Library\\GPIO.c                          0x00000000   Number         0  gpio.o ABSOLUTE
    Library\\Hidden.c                        0x00000000   Number         0  hidden.o ABSOLUTE
    Library\\Joystick.c                      0x00000000   Number         0  joystick.o ABSOLUTE
    Library\\LED.c                           0x00000000   Number         0  led.o ABSOLUTE
    Library\\PWM.c                           0x00000000   Number         0  pwm.o ABSOLUTE
    Library\\Timer.c                         0x00000000   Number         0  timer.o ABSOLUTE
    Library\\Ultrasonic.c                    0x00000000   Number         0  ultrasonic.o ABSOLUTE
    Library\\Wait.c                          0x00000000   Number         0  wait.o ABSOLUTE
    Parameters.c                             0x00000000   Number         0  parameters.o ABSOLUTE
    Parameters.c                             0x00000000   Number         0  parameters.o ABSOLUTE
    RTE\Device\LPC4088FET208\startup_LPC407x_8x_177x_8x.s 0x00000000   Number         0  startup_lpc407x_8x_177x_8x.o ABSOLUTE
    RTE\Device\LPC4088FET208\system_LPC407x_8x_177x_8x.c 0x00000000   Number         0  system_lpc407x_8x_177x_8x.o ABSOLUTE
    RTE\\Device\\LPC4088FET208\\system_LPC407x_8x_177x_8x.c 0x00000000   Number         0  system_lpc407x_8x_177x_8x.o ABSOLUTE
    dc.s                                     0x00000000   Number         0  dc.o ABSOLUTE
    handlers.s                               0x00000000   Number         0  handlers.o ABSOLUTE
    init.s                                   0x00000000   Number         0  init.o ABSOLUTE
    main.c                                   0x00000000   Number         0  main.o ABSOLUTE
    main.c                                   0x00000000   Number         0  main.o ABSOLUTE
    .ARM.Collect$$$$00000000                 0x000000e4   Section        0  entry.o(.ARM.Collect$$$$00000000)
    .ARM.Collect$$$$00000001                 0x000000e4   Section        4  entry2.o(.ARM.Collect$$$$00000001)
    .ARM.Collect$$$$00000004                 0x000000e8   Section        4  entry5.o(.ARM.Collect$$$$00000004)
    .ARM.Collect$$$$00000008                 0x000000ec   Section        0  entry7b.o(.ARM.Collect$$$$00000008)
    .ARM.Collect$$$$0000000A                 0x000000ec   Section        0  entry8b.o(.ARM.Collect$$$$0000000A)
    .ARM.Collect$$$$0000000B                 0x000000ec   Section        8  entry9a.o(.ARM.Collect$$$$0000000B)
    .ARM.Collect$$$$0000000D                 0x000000f4   Section        0  entry10a.o(.ARM.Collect$$$$0000000D)
    .ARM.Collect$$$$0000000F                 0x000000f4   Section        0  entry11a.o(.ARM.Collect$$$$0000000F)
    .ARM.Collect$$$$00002712                 0x000000f4   Section        4  entry2.o(.ARM.Collect$$$$00002712)
    __lit__00000000                          0x000000f4   Data           4  entry2.o(.ARM.Collect$$$$00002712)
    .text                                    0x000000f8   Section       36  startup_lpc407x_8x_177x_8x.o(.text)
    $v0                                      0x000000f8   Number         0  startup_lpc407x_8x_177x_8x.o(.text)
    .text                                    0x0000011c   Section       36  init.o(.text)
    i.ADC_Init                               0x00000140   Section        0  adc.o(i.ADC_Init)
    i.ADC_Read                               0x000001dc   Section        0  adc.o(i.ADC_Read)
    i.ADC_Read3                              0x0000022c   Section        0  adc.o(i.ADC_Read3)
    i.ADC_ReadTrim                           0x0000027c   Section        0  adc.o(i.ADC_ReadTrim)
    i.ADC_Start                              0x000002c8   Section        0  adc.o(i.ADC_Start)
    i.ADC_Stop                               0x000002dc   Section        0  adc.o(i.ADC_Stop)
    i.GPIO_PIN_Read                          0x000002f0   Section        0  gpio.o(i.GPIO_PIN_Read)
    i.__scatterload_null                     0x000002fa   Section        2  handlers.o(i.__scatterload_null)
    .ARM.__at_0x02FC                         0x000002fc   Section        4  startup_lpc407x_8x_177x_8x.o(.ARM.__at_0x02FC)
    i.EINT0_IRQHandler                       0x00000300   Section        0  external.o(i.EINT0_IRQHandler)
    i.External_Init                          0x00000358   Section        0  external.o(i.External_Init)
    i.GPIO_DIR_Write                         0x000003d0   Section        0  gpio.o(i.GPIO_DIR_Write)
    i.Joystick_Center_Pressed                0x000003e4   Section        0  joystick.o(i.Joystick_Center_Pressed)
    i.Joystick_Down_Pressed                  0x000003fc   Section        0  joystick.o(i.Joystick_Down_Pressed)
    i.Joystick_Init                          0x00000414   Section        0  joystick.o(i.Joystick_Init)
    i.Joystick_Left_Pressed                  0x00000450   Section        0  joystick.o(i.Joystick_Left_Pressed)
    i.Joystick_Right_Pressed                 0x00000468   Section        0  joystick.o(i.Joystick_Right_Pressed)
    i.Joystick_Up_Pressed                    0x00000480   Section        0  joystick.o(i.Joystick_Up_Pressed)
    i.PWM_Init                               0x00000498   Section        0  pwm.o(i.PWM_Init)
    i.PWM_Write                              0x00000538   Section        0  pwm.o(i.PWM_Write)
    i.PWM_Write_Right                        0x00000568   Section        0  pwm.o(i.PWM_Write_Right)
    i.SystemCoreClockUpdate                  0x00000598   Section        0  system_lpc407x_8x_177x_8x.o(i.SystemCoreClockUpdate)
    i.SystemInit                             0x0000086c   Section        0  system_lpc407x_8x_177x_8x.o(i.SystemInit)
    i.TIMER3_IRQHandler                      0x00000958   Section        0  ultrasonic.o(i.TIMER3_IRQHandler)
    i.Timer_Init                             0x000009cc   Section        0  timer.o(i.Timer_Init)
    i.Ultrasonic_Capture_Timer_Init          0x00000a3c   Section        0  ultrasonic.o(i.Ultrasonic_Capture_Timer_Init)
    i.Ultrasonic_Start_Trigger               0x00000af4   Section        0  ultrasonic.o(i.Ultrasonic_Start_Trigger)
    i.Ultrasonic_Trigger_Timer_Init          0x00000b38   Section        0  ultrasonic.o(i.Ultrasonic_Trigger_Timer_Init)
    i.__NVIC_ClearPendingIRQ                 0x00000b88   Section        0  ultrasonic.o(i.__NVIC_ClearPendingIRQ)
    __NVIC_ClearPendingIRQ                   0x00000b89   Thumb Code    22  ultrasonic.o(i.__NVIC_ClearPendingIRQ)
    i.__scatterload_copy                     0x00000ba4   Section       14  handlers.o(i.__scatterload_copy)
    i.__scatterload_zeroinit                 0x00000bb2   Section       14  handlers.o(i.__scatterload_zeroinit)
    i.fpu_init                               0x00000bc0   Section        0  system_lpc407x_8x_177x_8x.o(i.fpu_init)
    i.init                                   0x00000c10   Section        0  main.o(i.init)
    i.leftBackward                           0x00000c64   Section        0  main.o(i.leftBackward)
    i.leftForward                            0x00000c88   Section        0  main.o(i.leftForward)
    i.leftForwardSlow                        0x00000cac   Section        0  main.o(i.leftForwardSlow)
    i.main                                   0x00000cd0   Section        0  main.o(i.main)
    i.rightBackward                          0x00000cdc   Section        0  main.o(i.rightBackward)
    i.rightForward                           0x00000d00   Section        0  main.o(i.rightForward)
    i.rightForwardSlow                       0x00000d24   Section        0  main.o(i.rightForwardSlow)
    i.stop                                   0x00000d48   Section        0  main.o(i.stop)
    i.update                                 0x00000d84   Section        0  main.o(i.update)
    i.wait                                   0x000011b4   Section        0  wait.o(i.wait)
    .data                                    0x10000000   Section       32  main.o(.data)
    .data                                    0x10000020   Section       20  timer.o(.data)
    .data                                    0x10000034   Section       32  parameters.o(.data)
    .data                                    0x10000054   Section       20  ultrasonic.o(.data)
    .data                                    0x10000068   Section       16  system_lpc407x_8x_177x_8x.o(.data)
    STACK                                    0x10000078   Section     1024  startup_lpc407x_8x_177x_8x.o(STACK)

    Global Symbols

    Symbol Name                              Value     Ov Type        Size  Object(Section)

    BuildAttributes$$THM_ISAv4$E$P$D$K$B$S$7EM$VFPi3$EXTD16$VFPS$VFMA$PE$A:L22UL41UL21$X:L11$S22US41US21$IEEE1$IW$USESV6$~STKCKD$USESV7$~SHL$OSPACE$EBA8$MICROLIB$REQ8$PRES8$EABIv2 0x00000000   Number         0  anon$$obj.o ABSOLUTE
    __ARM_use_no_argv                        0x00000000   Number         0  main.o ABSOLUTE
    __Vectors                                0x00000000   Data           4  startup_lpc407x_8x_177x_8x.o(RESET)
    __cpp_initialize__aeabi_                  - Undefined Weak Reference
    __cxa_finalize                            - Undefined Weak Reference
    __decompress                              - Undefined Weak Reference
    _clock_init                               - Undefined Weak Reference
    _microlib_exit                            - Undefined Weak Reference
    __main                                   0x000000e5   Thumb Code     0  entry.o(.ARM.Collect$$$$00000000)
    _main_stk                                0x000000e5   Thumb Code     0  entry2.o(.ARM.Collect$$$$00000001)
    _main_scatterload                        0x000000e9   Thumb Code     0  entry5.o(.ARM.Collect$$$$00000004)
    __main_after_scatterload                 0x000000ed   Thumb Code     0  entry5.o(.ARM.Collect$$$$00000004)
    _main_clock                              0x000000ed   Thumb Code     0  entry7b.o(.ARM.Collect$$$$00000008)
    _main_cpp_init                           0x000000ed   Thumb Code     0  entry8b.o(.ARM.Collect$$$$0000000A)
    _main_init                               0x000000ed   Thumb Code     0  entry9a.o(.ARM.Collect$$$$0000000B)
    __rt_final_cpp                           0x000000f5   Thumb Code     0  entry10a.o(.ARM.Collect$$$$0000000D)
    __rt_final_exit                          0x000000f5   Thumb Code     0  entry11a.o(.ARM.Collect$$$$0000000F)
    Reset_Handler                            0x000000f9   Thumb Code     8  startup_lpc407x_8x_177x_8x.o(.text)
    NMI_Handler                              0x00000101   Thumb Code     2  startup_lpc407x_8x_177x_8x.o(.text)
    HardFault_Handler                        0x00000103   Thumb Code     2  startup_lpc407x_8x_177x_8x.o(.text)
    MemManage_Handler                        0x00000105   Thumb Code     2  startup_lpc407x_8x_177x_8x.o(.text)
    BusFault_Handler                         0x00000107   Thumb Code     2  startup_lpc407x_8x_177x_8x.o(.text)
    UsageFault_Handler                       0x00000109   Thumb Code     2  startup_lpc407x_8x_177x_8x.o(.text)
    SVC_Handler                              0x0000010b   Thumb Code     2  startup_lpc407x_8x_177x_8x.o(.text)
    DebugMon_Handler                         0x0000010d   Thumb Code     2  startup_lpc407x_8x_177x_8x.o(.text)
    PendSV_Handler                           0x0000010f   Thumb Code     2  startup_lpc407x_8x_177x_8x.o(.text)
    SysTick_Handler                          0x00000111   Thumb Code     2  startup_lpc407x_8x_177x_8x.o(.text)
    ADC_IRQHandler                           0x00000113   Thumb Code     0  startup_lpc407x_8x_177x_8x.o(.text)
    BOD_IRQHandler                           0x00000113   Thumb Code     0  startup_lpc407x_8x_177x_8x.o(.text)
    CANActivity_IRQHandler                   0x00000113   Thumb Code     0  startup_lpc407x_8x_177x_8x.o(.text)
    CAN_IRQHandler                           0x00000113   Thumb Code     0  startup_lpc407x_8x_177x_8x.o(.text)
    DMA_IRQHandler                           0x00000113   Thumb Code     0  startup_lpc407x_8x_177x_8x.o(.text)
    EEPROM_IRQHandler                        0x00000113   Thumb Code     0  startup_lpc407x_8x_177x_8x.o(.text)
    EINT1_IRQHandler                         0x00000113   Thumb Code     0  startup_lpc407x_8x_177x_8x.o(.text)
    EINT2_IRQHandler                         0x00000113   Thumb Code     0  startup_lpc407x_8x_177x_8x.o(.text)
    EINT3_IRQHandler                         0x00000113   Thumb Code     0  startup_lpc407x_8x_177x_8x.o(.text)
    ENET_IRQHandler                          0x00000113   Thumb Code     0  startup_lpc407x_8x_177x_8x.o(.text)
    GPIO_IRQHandler                          0x00000113   Thumb Code     0  startup_lpc407x_8x_177x_8x.o(.text)
    I2C0_IRQHandler                          0x00000113   Thumb Code     0  startup_lpc407x_8x_177x_8x.o(.text)
    I2C1_IRQHandler                          0x00000113   Thumb Code     0  startup_lpc407x_8x_177x_8x.o(.text)
    I2C2_IRQHandler                          0x00000113   Thumb Code     0  startup_lpc407x_8x_177x_8x.o(.text)
    I2S_IRQHandler                           0x00000113   Thumb Code     0  startup_lpc407x_8x_177x_8x.o(.text)
    LCD_IRQHandler                           0x00000113   Thumb Code     0  startup_lpc407x_8x_177x_8x.o(.text)
    MCI_IRQHandler                           0x00000113   Thumb Code     0  startup_lpc407x_8x_177x_8x.o(.text)
    MCPWM_IRQHandler                         0x00000113   Thumb Code     0  startup_lpc407x_8x_177x_8x.o(.text)
    PLL0_IRQHandler                          0x00000113   Thumb Code     0  startup_lpc407x_8x_177x_8x.o(.text)
    PLL1_IRQHandler                          0x00000113   Thumb Code     0  startup_lpc407x_8x_177x_8x.o(.text)
    PWM0_IRQHandler                          0x00000113   Thumb Code     0  startup_lpc407x_8x_177x_8x.o(.text)
    PWM1_IRQHandler                          0x00000113   Thumb Code     0  startup_lpc407x_8x_177x_8x.o(.text)
    QEI_IRQHandler                           0x00000113   Thumb Code     0  startup_lpc407x_8x_177x_8x.o(.text)
    RTC_IRQHandler                           0x00000113   Thumb Code     0  startup_lpc407x_8x_177x_8x.o(.text)
    SSP0_IRQHandler                          0x00000113   Thumb Code     0  startup_lpc407x_8x_177x_8x.o(.text)
    SSP1_IRQHandler                          0x00000113   Thumb Code     0  startup_lpc407x_8x_177x_8x.o(.text)
    SSP2_IRQHandler                          0x00000113   Thumb Code     0  startup_lpc407x_8x_177x_8x.o(.text)
    TIMER0_IRQHandler                        0x00000113   Thumb Code     0  startup_lpc407x_8x_177x_8x.o(.text)
    TIMER1_IRQHandler                        0x00000113   Thumb Code     0  startup_lpc407x_8x_177x_8x.o(.text)
    TIMER2_IRQHandler                        0x00000113   Thumb Code     0  startup_lpc407x_8x_177x_8x.o(.text)
    UART0_IRQHandler                         0x00000113   Thumb Code     0  startup_lpc407x_8x_177x_8x.o(.text)
    UART1_IRQHandler                         0x00000113   Thumb Code     0  startup_lpc407x_8x_177x_8x.o(.text)
    UART2_IRQHandler                         0x00000113   Thumb Code     0  startup_lpc407x_8x_177x_8x.o(.text)
    UART3_IRQHandler                         0x00000113   Thumb Code     0  startup_lpc407x_8x_177x_8x.o(.text)
    UART4_IRQHandler                         0x00000113   Thumb Code     0  startup_lpc407x_8x_177x_8x.o(.text)
    USBActivity_IRQHandler                   0x00000113   Thumb Code     0  startup_lpc407x_8x_177x_8x.o(.text)
    USB_IRQHandler                           0x00000113   Thumb Code     0  startup_lpc407x_8x_177x_8x.o(.text)
    WDT_IRQHandler                           0x00000113   Thumb Code     0  startup_lpc407x_8x_177x_8x.o(.text)
    __scatterload                            0x0000011d   Thumb Code    28  init.o(.text)
    __scatterload_rt2                        0x0000011d   Thumb Code     0  init.o(.text)
    ADC_Init                                 0x00000141   Thumb Code   134  adc.o(i.ADC_Init)
    ADC_Read                                 0x000001dd   Thumb Code    74  adc.o(i.ADC_Read)
    ADC_Read3                                0x0000022d   Thumb Code    74  adc.o(i.ADC_Read3)
    ADC_ReadTrim                             0x0000027d   Thumb Code    72  adc.o(i.ADC_ReadTrim)
    ADC_Start                                0x000002c9   Thumb Code    16  adc.o(i.ADC_Start)
    ADC_Stop                                 0x000002dd   Thumb Code    14  adc.o(i.ADC_Stop)
    GPIO_PIN_Read                            0x000002f1   Thumb Code    10  gpio.o(i.GPIO_PIN_Read)
    __scatterload_null                       0x000002fb   Thumb Code     2  handlers.o(i.__scatterload_null)
    EINT0_IRQHandler                         0x00000301   Thumb Code    66  external.o(i.EINT0_IRQHandler)
    External_Init                            0x00000359   Thumb Code   100  external.o(i.External_Init)
    GPIO_DIR_Write                           0x000003d1   Thumb Code    18  gpio.o(i.GPIO_DIR_Write)
    Joystick_Center_Pressed                  0x000003e5   Thumb Code    20  joystick.o(i.Joystick_Center_Pressed)
    Joystick_Down_Pressed                    0x000003fd   Thumb Code    20  joystick.o(i.Joystick_Down_Pressed)
    Joystick_Init                            0x00000415   Thumb Code    54  joystick.o(i.Joystick_Init)
    Joystick_Left_Pressed                    0x00000451   Thumb Code    20  joystick.o(i.Joystick_Left_Pressed)
    Joystick_Right_Pressed                   0x00000469   Thumb Code    20  joystick.o(i.Joystick_Right_Pressed)
    Joystick_Up_Pressed                      0x00000481   Thumb Code    20  joystick.o(i.Joystick_Up_Pressed)
    PWM_Init                                 0x00000499   Thumb Code   144  pwm.o(i.PWM_Init)
    PWM_Write                                0x00000539   Thumb Code    44  pwm.o(i.PWM_Write)
    PWM_Write_Right                          0x00000569   Thumb Code    44  pwm.o(i.PWM_Write_Right)
    SystemCoreClockUpdate                    0x00000599   Thumb Code   696  system_lpc407x_8x_177x_8x.o(i.SystemCoreClockUpdate)
    SystemInit                               0x0000086d   Thumb Code   220  system_lpc407x_8x_177x_8x.o(i.SystemInit)
    TIMER3_IRQHandler                        0x00000959   Thumb Code    98  ultrasonic.o(i.TIMER3_IRQHandler)
    Timer_Init                               0x000009cd   Thumb Code   100  timer.o(i.Timer_Init)
    Ultrasonic_Capture_Timer_Init            0x00000a3d   Thumb Code   164  ultrasonic.o(i.Ultrasonic_Capture_Timer_Init)
    Ultrasonic_Start_Trigger                 0x00000af5   Thumb Code    58  ultrasonic.o(i.Ultrasonic_Start_Trigger)
    Ultrasonic_Trigger_Timer_Init            0x00000b39   Thumb Code    68  ultrasonic.o(i.Ultrasonic_Trigger_Timer_Init)
    __scatterload_copy                       0x00000ba5   Thumb Code    14  handlers.o(i.__scatterload_copy)
    __scatterload_zeroinit                   0x00000bb3   Thumb Code    14  handlers.o(i.__scatterload_zeroinit)
    fpu_init                                 0x00000bc1   Thumb Code    62  system_lpc407x_8x_177x_8x.o(i.fpu_init)
    init                                     0x00000c11   Thumb Code    72  main.o(i.init)
    leftBackward                             0x00000c65   Thumb Code    26  main.o(i.leftBackward)
    leftForward                              0x00000c89   Thumb Code    26  main.o(i.leftForward)
    leftForwardSlow                          0x00000cad   Thumb Code    28  main.o(i.leftForwardSlow)
    main                                     0x00000cd1   Thumb Code    12  main.o(i.main)
    rightBackward                            0x00000cdd   Thumb Code    26  main.o(i.rightBackward)
    rightForward                             0x00000d01   Thumb Code    26  main.o(i.rightForward)
    rightForwardSlow                         0x00000d25   Thumb Code    28  main.o(i.rightForwardSlow)
    stop                                     0x00000d49   Thumb Code    46  main.o(i.stop)
    update                                   0x00000d85   Thumb Code   966  main.o(i.update)
    wait                                     0x000011b5   Thumb Code    20  wait.o(i.wait)
    Region$$Table$$Base                      0x000011c8   Number         0  anon$$obj.o(Region$$Table)
    Region$$Table$$Limit                     0x000011e8   Number         0  anon$$obj.o(Region$$Table)
    counter                                  0x10000000   Data           4  main.o(.data)
    dumb                                     0x10000004   Data           4  main.o(.data)
    i                                        0x10000008   Data           4  main.o(.data)
    LDRDataValue                             0x1000000c   Data           4  main.o(.data)
    LDRDataValue3                            0x10000010   Data           4  main.o(.data)
    turnBoolR                                0x10000014   Data           4  main.o(.data)
    turnBoolL                                0x10000018   Data           4  main.o(.data)
    ar                                       0x1000001c   Data           4  main.o(.data)
    leftPressed                              0x10000020   Data           4  timer.o(.data)
    rightPressed                             0x10000024   Data           4  timer.o(.data)
    currentTime                              0x10000028   Data           4  timer.o(.data)
    previousTime                             0x1000002c   Data           4  timer.o(.data)
    capturedTime                             0x10000030   Data           4  timer.o(.data)
    ROBOT_SPEED                              0x10000034   Data           4  parameters.o(.data)
    ROTATION_NUMBER_FOR_90_DEGREE            0x10000038   Data           4  parameters.o(.data)
    TURN_LEFT_FLAG                           0x1000003c   Data           4  parameters.o(.data)
    TURN_RIGHT_FLAG                          0x10000040   Data           4  parameters.o(.data)
    FORWARD_FLAG                             0x10000044   Data           4  parameters.o(.data)
    BACKWARD_FLAG                            0x10000048   Data           4  parameters.o(.data)
    START_MODE                               0x1000004c   Data           4  parameters.o(.data)
    CONTROL_START_MODE                       0x10000050   Data           4  parameters.o(.data)
    ultrasonicSensorEdgeCount                0x10000054   Data           1  ultrasonic.o(.data)
    ultrasonicSensorRisingTime               0x10000058   Data           4  ultrasonic.o(.data)
    ultrasonicSensorFallingTime              0x1000005c   Data           4  ultrasonic.o(.data)
    ultrasonicSensorDuration                 0x10000060   Data           4  ultrasonic.o(.data)
    ultrasonicSensorDistance                 0x10000064   Data           4  ultrasonic.o(.data)
    SystemCoreClock                          0x10000068   Data           4  system_lpc407x_8x_177x_8x.o(.data)
    PeripheralClock                          0x1000006c   Data           4  system_lpc407x_8x_177x_8x.o(.data)
    EMCClock                                 0x10000070   Data           4  system_lpc407x_8x_177x_8x.o(.data)
    USBClock                                 0x10000074   Data           4  system_lpc407x_8x_177x_8x.o(.data)
    __initial_sp                             0x10000478   Data           0  startup_lpc407x_8x_177x_8x.o(STACK)



==============================================================================

Memory Map of the image

  Image Entry point : 0x000000f9

  Load Region LR_1 (Base: 0x00000000, Size: 0x00001260, Max: 0xffffffff, ABSOLUTE)

    Execution Region ER_RO (Exec base: 0x00000000, Load base: 0x00000000, Size: 0x000011e8, Max: 0xffffffff, ABSOLUTE)

    Exec Addr    Load Addr    Size         Type   Attr      Idx    E Section Name        Object

    0x00000000   0x00000000   0x000000e4   Data   RO          703    RESET               startup_lpc407x_8x_177x_8x.o
    0x000000e4   0x000000e4   0x00000000   Code   RO          753  * .ARM.Collect$$$$00000000  mc_w.l(entry.o)
    0x000000e4   0x000000e4   0x00000004   Code   RO          756    .ARM.Collect$$$$00000001  mc_w.l(entry2.o)
    0x000000e8   0x000000e8   0x00000004   Code   RO          759    .ARM.Collect$$$$00000004  mc_w.l(entry5.o)
    0x000000ec   0x000000ec   0x00000000   Code   RO          761    .ARM.Collect$$$$00000008  mc_w.l(entry7b.o)
    0x000000ec   0x000000ec   0x00000000   Code   RO          763    .ARM.Collect$$$$0000000A  mc_w.l(entry8b.o)
    0x000000ec   0x000000ec   0x00000008   Code   RO          764    .ARM.Collect$$$$0000000B  mc_w.l(entry9a.o)
    0x000000f4   0x000000f4   0x00000000   Code   RO          766    .ARM.Collect$$$$0000000D  mc_w.l(entry10a.o)
    0x000000f4   0x000000f4   0x00000000   Code   RO          768    .ARM.Collect$$$$0000000F  mc_w.l(entry11a.o)
    0x000000f4   0x000000f4   0x00000004   Code   RO          757    .ARM.Collect$$$$00002712  mc_w.l(entry2.o)
    0x000000f8   0x000000f8   0x00000024   Code   RO          705  * .text               startup_lpc407x_8x_177x_8x.o
    0x0000011c   0x0000011c   0x00000024   Code   RO          770    .text               mc_w.l(init.o)
    0x00000140   0x00000140   0x0000009c   Code   RO          607    i.ADC_Init          adc.o
    0x000001dc   0x000001dc   0x00000050   Code   RO          608    i.ADC_Read          adc.o
    0x0000022c   0x0000022c   0x00000050   Code   RO          609    i.ADC_Read3         adc.o
    0x0000027c   0x0000027c   0x0000004c   Code   RO          610    i.ADC_ReadTrim      adc.o
    0x000002c8   0x000002c8   0x00000014   Code   RO          611    i.ADC_Start         adc.o
    0x000002dc   0x000002dc   0x00000014   Code   RO          612    i.ADC_Stop          adc.o
    0x000002f0   0x000002f0   0x0000000a   Code   RO          154    i.GPIO_PIN_Read     gpio.o
    0x000002fa   0x000002fa   0x00000002   Code   RO          775    i.__scatterload_null  mc_w.l(handlers.o)
    0x000002fc   0x000002fc   0x00000004   Code   RO          704    .ARM.__at_0x02FC    startup_lpc407x_8x_177x_8x.o
    0x00000300   0x00000300   0x00000058   Code   RO          667    i.EINT0_IRQHandler  external.o
    0x00000358   0x00000358   0x00000078   Code   RO          668    i.External_Init     external.o
    0x000003d0   0x000003d0   0x00000012   Code   RO          153    i.GPIO_DIR_Write    gpio.o
    0x000003e2   0x000003e2   0x00000002   PAD
    0x000003e4   0x000003e4   0x00000018   Code   RO          192    i.Joystick_Center_Pressed  joystick.o
    0x000003fc   0x000003fc   0x00000018   Code   RO          193    i.Joystick_Down_Pressed  joystick.o
    0x00000414   0x00000414   0x0000003c   Code   RO          194    i.Joystick_Init     joystick.o
    0x00000450   0x00000450   0x00000018   Code   RO          195    i.Joystick_Left_Pressed  joystick.o
    0x00000468   0x00000468   0x00000018   Code   RO          196    i.Joystick_Right_Pressed  joystick.o
    0x00000480   0x00000480   0x00000018   Code   RO          197    i.Joystick_Up_Pressed  joystick.o
    0x00000498   0x00000498   0x000000a0   Code   RO          250    i.PWM_Init          pwm.o
    0x00000538   0x00000538   0x00000030   Code   RO          251    i.PWM_Write         pwm.o
    0x00000568   0x00000568   0x00000030   Code   RO          252    i.PWM_Write_Right   pwm.o
    0x00000598   0x00000598   0x000002d4   Code   RO          714    i.SystemCoreClockUpdate  system_lpc407x_8x_177x_8x.o
    0x0000086c   0x0000086c   0x000000ec   Code   RO          715    i.SystemInit        system_lpc407x_8x_177x_8x.o
    0x00000958   0x00000958   0x00000074   Code   RO          513    i.TIMER3_IRQHandler  ultrasonic.o
    0x000009cc   0x000009cc   0x00000070   Code   RO          459    i.Timer_Init        timer.o
    0x00000a3c   0x00000a3c   0x000000b8   Code   RO          514    i.Ultrasonic_Capture_Timer_Init  ultrasonic.o
    0x00000af4   0x00000af4   0x00000044   Code   RO          515    i.Ultrasonic_Start_Trigger  ultrasonic.o
    0x00000b38   0x00000b38   0x00000050   Code   RO          516    i.Ultrasonic_Trigger_Timer_Init  ultrasonic.o
    0x00000b88   0x00000b88   0x0000001c   Code   RO          517    i.__NVIC_ClearPendingIRQ  ultrasonic.o
    0x00000ba4   0x00000ba4   0x0000000e   Code   RO          774    i.__scatterload_copy  mc_w.l(handlers.o)
    0x00000bb2   0x00000bb2   0x0000000e   Code   RO          776    i.__scatterload_zeroinit  mc_w.l(handlers.o)
    0x00000bc0   0x00000bc0   0x00000050   Code   RO          716    i.fpu_init          system_lpc407x_8x_177x_8x.o
    0x00000c10   0x00000c10   0x00000054   Code   RO            4    i.init              main.o
    0x00000c64   0x00000c64   0x00000024   Code   RO            5    i.leftBackward      main.o
    0x00000c88   0x00000c88   0x00000024   Code   RO            6    i.leftForward       main.o
    0x00000cac   0x00000cac   0x00000024   Code   RO            7    i.leftForwardSlow   main.o
    0x00000cd0   0x00000cd0   0x0000000c   Code   RO            8    i.main              main.o
    0x00000cdc   0x00000cdc   0x00000024   Code   RO            9    i.rightBackward     main.o
    0x00000d00   0x00000d00   0x00000024   Code   RO           10    i.rightForward      main.o
    0x00000d24   0x00000d24   0x00000024   Code   RO           11    i.rightForwardSlow  main.o
    0x00000d48   0x00000d48   0x0000003c   Code   RO           12    i.stop              main.o
    0x00000d84   0x00000d84   0x00000430   Code   RO           13    i.update            main.o
    0x000011b4   0x000011b4   0x00000014   Code   RO          574    i.wait              wait.o
    0x000011c8   0x000011c8   0x00000020   Data   RO          772    Region$$Table       anon$$obj.o


    Execution Region ER_RW (Exec base: 0x10000000, Load base: 0x000011e8, Size: 0x00000078, Max: 0xffffffff, ABSOLUTE)

    Exec Addr    Load Addr    Size         Type   Attr      Idx    E Section Name        Object

    0x10000000   0x000011e8   0x00000020   Data   RW           14    .data               main.o
    0x10000020   0x00001208   0x00000014   Data   RW          460    .data               timer.o
    0x10000034   0x0000121c   0x00000020   Data   RW          489    .data               parameters.o
    0x10000054   0x0000123c   0x00000014   Data   RW          518    .data               ultrasonic.o
    0x10000068   0x00001250   0x00000010   Data   RW          717    .data               system_lpc407x_8x_177x_8x.o


    Execution Region ER_ZI (Exec base: 0x10000078, Load base: 0x00001260, Size: 0x00000400, Max: 0xffffffff, ABSOLUTE)

    Exec Addr    Load Addr    Size         Type   Attr      Idx    E Section Name        Object

    0x10000078        -       0x00000400   Zero   RW          701    STACK               startup_lpc407x_8x_177x_8x.o


==============================================================================

Image component sizes


      Code (inc. data)   RO Data    RW Data    ZI Data      Debug   Object Name

       432         48          0          0          0       3228   adc.o
       208         42          0          0          0       1371   external.o
        28          0          0          0          0       2317   gpio.o
       180         26          0          0          0       3193   joystick.o
      1444        188          0         32          0      32850   main.o
         0          0          0         32          0        560   parameters.o
       256         24          0          0          0       1541   pwm.o
        40         12        228          0       1024       1096   startup_lpc407x_8x_177x_8x.o
      1040         62          0         16          0       4600   system_lpc407x_8x_177x_8x.o
       112         12          0         20          0        898   timer.o
       476         66          0         20          0      33679   ultrasonic.o
        20          0          0          0          0        511   wait.o

    ----------------------------------------------------------------------
      4238        480        260        120       1024      85844   Object Totals
         0          0         32          0          0          0   (incl. Generated)
         2          0          0          0          0          0   (incl. Padding)

    ----------------------------------------------------------------------

      Code (inc. data)   RO Data    RW Data    ZI Data      Debug   Library Member Name

         0          0          0          0          0          0   entry.o
         0          0          0          0          0          0   entry10a.o
         0          0          0          0          0          0   entry11a.o
         8          4          0          0          0          0   entry2.o
         4          0          0          0          0          0   entry5.o
         0          0          0          0          0          0   entry7b.o
         0          0          0          0          0          0   entry8b.o
         8          4          0          0          0          0   entry9a.o
        30          0          0          0          0          0   handlers.o
        36          8          0          0          0         68   init.o

    ----------------------------------------------------------------------
        86         16          0          0          0         68   Library Totals
         0          0          0          0          0          0   (incl. Padding)

    ----------------------------------------------------------------------

      Code (inc. data)   RO Data    RW Data    ZI Data      Debug   Library Name

        86         16          0          0          0         68   mc_w.l

    ----------------------------------------------------------------------
        86         16          0          0          0         68   Library Totals

    ----------------------------------------------------------------------

==============================================================================


      Code (inc. data)   RO Data    RW Data    ZI Data      Debug   

      4324        496        260        120       1024      82616   Grand Totals
      4324        496        260        120       1024      82616   ELF Image Totals
      4324        496        260        120          0          0   ROM Totals

==============================================================================

    Total RO  Size (Code + RO Data)                 4584 (   4.48kB)
    Total RW  Size (RW Data + ZI Data)              1144 (   1.12kB)
    Total ROM Size (Code + RO Data + RW Data)       4704 (   4.59kB)

==============================================================================

